// Vitest Snapshot v1, https://vitest.dev/guide/snapshot.html

exports[`StaticSite template matches the reviewed snapshot 1`] = `
{
  "Outputs": {
    "DistributionDomainName": {
      "Description": "The site origin: https://<this>.",
      "Value": {
        "Fn::GetAtt": [
          "Distribution830FAC52",
          "DomainName",
        ],
      },
    },
    "DistributionId": {
      "Description": "For cache invalidations after an app deploy.",
      "Value": {
        "Ref": "Distribution830FAC52",
      },
    },
    "SiteBucketName": {
      "Description": "Deploy target for the app pipeline (aws s3 sync, then a CloudFront invalidation).",
      "Value": {
        "Ref": "SiteBucket397A1860",
      },
    },
    "SiteDeployRoleArn": {
      "Description": "Set the GitHub repository variable AWS_SITE_DEPLOY_ROLE_ARN to this value to activate the app deploy job.",
      "Value": {
        "Fn::GetAtt": [
          "SiteDeployRoleE4618DD6",
          "Arn",
        ],
      },
    },
  },
  "Parameters": {
    "BootstrapVersion": {
      "Default": "/cdk-bootstrap/hnb659fds/version",
      "Description": "Version of the CDK Bootstrap resources in this environment, automatically retrieved from SSM Parameter Store. [cdk:skip]",
      "Type": "AWS::SSM::Parameter::Value<String>",
    },
  },
  "Resources": {
    "Distribution830FAC52": {
      "Properties": {
        "DistributionConfig": {
          "CacheBehaviors": [
            {
              "AllowedMethods": [
                "GET",
                "HEAD",
              ],
              "CachePolicyId": {
                "Ref": "FinancialsCache51179944",
              },
              "Compress": true,
              "OriginRequestPolicyId": "b689b0a8-53d0-40ab-baf2-68738e2966ac",
              "PathPattern": "/v1/companies/*/financials",
              "ResponseHeadersPolicyId": {
                "Ref": "SecurityHeadersE66B69D3",
              },
              "TargetOriginId": "StaticSiteDistributionOrigin21EE6109A",
              "ViewerProtocolPolicy": "redirect-to-https",
            },
            {
              "AllowedMethods": [
                "GET",
                "HEAD",
                "OPTIONS",
                "PUT",
                "PATCH",
                "POST",
                "DELETE",
              ],
              "CachePolicyId": "4135ea2d-6df8-44a3-9df3-4b5a84be39ad",
              "Compress": true,
              "OriginRequestPolicyId": "b689b0a8-53d0-40ab-baf2-68738e2966ac",
              "PathPattern": "/v1/*",
              "ResponseHeadersPolicyId": {
                "Ref": "SecurityHeadersE66B69D3",
              },
              "TargetOriginId": "StaticSiteDistributionOrigin21EE6109A",
              "ViewerProtocolPolicy": "redirect-to-https",
            },
          ],
          "Comment": "Plainsight static site (prod)",
          "DefaultCacheBehavior": {
            "CachePolicyId": "658327ea-f89d-4fab-a63d-7e88639e58f6",
            "Compress": true,
            "FunctionAssociations": [
              {
                "EventType": "viewer-request",
                "FunctionARN": {
                  "Fn::GetAtt": [
                    "SpaRewrite1C145184",
                    "FunctionARN",
                  ],
                },
              },
            ],
            "ResponseHeadersPolicyId": {
              "Ref": "SecurityHeadersE66B69D3",
            },
            "TargetOriginId": "StaticSiteDistributionOrigin1DC6F84AD",
            "ViewerProtocolPolicy": "redirect-to-https",
          },
          "DefaultRootObject": "index.html",
          "Enabled": true,
          "HttpVersion": "http2and3",
          "IPV6Enabled": true,
          "Origins": [
            {
              "DomainName": {
                "Fn::GetAtt": [
                  "SiteBucket397A1860",
                  "RegionalDomainName",
                ],
              },
              "Id": "StaticSiteDistributionOrigin1DC6F84AD",
              "OriginAccessControlId": {
                "Fn::GetAtt": [
                  "DistributionOrigin1S3OriginAccessControlEB606076",
                  "Id",
                ],
              },
              "S3OriginConfig": {
                "OriginAccessIdentity": "",
              },
            },
            {
              "CustomOriginConfig": {
                "OriginProtocolPolicy": "https-only",
                "OriginSSLProtocols": [
                  "TLSv1.2",
                ],
              },
              "DomainName": {
                "Fn::Join": [
                  "",
                  [
                    {
                      "Fn::ImportValue": "Api:ExportsOutputRefHttpApiF5A9A8A7F70B5BDD",
                    },
                    ".execute-api.ap-southeast-2.",
                    {
                      "Ref": "AWS::URLSuffix",
                    },
                  ],
                ],
              },
              "Id": "StaticSiteDistributionOrigin21EE6109A",
            },
          ],
          "PriceClass": "PriceClass_100",
        },
        "Tags": [
          {
            "Key": "env",
            "Value": "prod",
          },
          {
            "Key": "owner",
            "Value": "ivan",
          },
          {
            "Key": "project",
            "Value": "plainsight",
          },
        ],
      },
      "Type": "AWS::CloudFront::Distribution",
    },
    "DistributionIdParameter014107B7": {
      "Properties": {
        "Description": "Distribution fronting /v1/*; the ingest path invalidates financials through it.",
        "Name": "/app/prod/cloudfront/distribution-id",
        "Tags": {
          "env": "prod",
          "owner": "ivan",
          "project": "plainsight",
        },
        "Type": "String",
        "Value": {
          "Ref": "Distribution830FAC52",
        },
      },
      "Type": "AWS::SSM::Parameter",
    },
    "DistributionOrigin1S3OriginAccessControlEB606076": {
      "Properties": {
        "OriginAccessControlConfig": {
          "Name": "StaticSiteDistributionOrigin1S3OriginAccessControl7603A675",
          "OriginAccessControlOriginType": "s3",
          "SigningBehavior": "always",
          "SigningProtocol": "sigv4",
        },
      },
      "Type": "AWS::CloudFront::OriginAccessControl",
    },
    "FinancialsCache51179944": {
      "Properties": {
        "CachePolicyConfig": {
          "Comment": "Financials change at most weekly per ticker; 6 hours at the edge, invalidated on write.",
          "DefaultTTL": 21600,
          "MaxTTL": 21600,
          "MinTTL": 0,
          "Name": "plainsight-prod-financials-cache",
          "ParametersInCacheKeyAndForwardedToOrigin": {
            "CookiesConfig": {
              "CookieBehavior": "none",
            },
            "EnableAcceptEncodingBrotli": true,
            "EnableAcceptEncodingGzip": true,
            "HeadersConfig": {
              "HeaderBehavior": "none",
            },
            "QueryStringsConfig": {
              "QueryStringBehavior": "whitelist",
              "QueryStrings": [
                "years",
                "statements",
              ],
            },
          },
        },
      },
      "Type": "AWS::CloudFront::CachePolicy",
    },
    "SecurityHeadersE66B69D3": {
      "Properties": {
        "ResponseHeadersPolicyConfig": {
          "Comment": "Plainsight security headers; the CSP connect-src is pinned by the invariant tests.",
          "Name": "plainsight-prod-security-headers",
          "SecurityHeadersConfig": {
            "ContentSecurityPolicy": {
              "ContentSecurityPolicy": "default-src 'self'; script-src 'self'; style-src 'self'; img-src 'self' data:; font-src 'self'; connect-src 'self'; manifest-src 'self'; worker-src 'self'; object-src 'none'; base-uri 'self'; form-action 'self'; frame-ancestors 'none'",
              "Override": true,
            },
            "ContentTypeOptions": {
              "Override": true,
            },
            "FrameOptions": {
              "FrameOption": "DENY",
              "Override": true,
            },
            "ReferrerPolicy": {
              "Override": true,
              "ReferrerPolicy": "strict-origin-when-cross-origin",
            },
            "StrictTransportSecurity": {
              "AccessControlMaxAgeSec": 31536000,
              "IncludeSubdomains": true,
              "Override": true,
            },
          },
        },
      },
      "Type": "AWS::CloudFront::ResponseHeadersPolicy",
    },
    "SiteBucket397A1860": {
      "DeletionPolicy": "Retain",
      "Properties": {
        "BucketEncryption": {
          "ServerSideEncryptionConfiguration": [
            {
              "ServerSideEncryptionByDefault": {
                "SSEAlgorithm": "AES256",
              },
            },
          ],
        },
        "LifecycleConfiguration": {
          "Rules": [
            {
              "Id": "ExpireNoncurrentVersions",
              "NoncurrentVersionExpiration": {
                "NoncurrentDays": 30,
              },
              "Status": "Enabled",
            },
          ],
        },
        "PublicAccessBlockConfiguration": {
          "BlockPublicAcls": true,
          "BlockPublicPolicy": true,
          "IgnorePublicAcls": true,
          "RestrictPublicBuckets": true,
        },
        "Tags": [
          {
            "Key": "env",
            "Value": "prod",
          },
          {
            "Key": "owner",
            "Value": "ivan",
          },
          {
            "Key": "project",
            "Value": "plainsight",
          },
        ],
        "VersioningConfiguration": {
          "Status": "Enabled",
        },
      },
      "Type": "AWS::S3::Bucket",
      "UpdateReplacePolicy": "Retain",
    },
    "SiteBucketPolicy3AC1D0F8": {
      "Properties": {
        "Bucket": {
          "Ref": "SiteBucket397A1860",
        },
        "PolicyDocument": {
          "Statement": [
            {
              "Action": "s3:*",
              "Condition": {
                "Bool": {
                  "aws:SecureTransport": "false",
                },
              },
              "Effect": "Deny",
              "Principal": {
                "AWS": "*",
              },
              "Resource": [
                {
                  "Fn::GetAtt": [
                    "SiteBucket397A1860",
                    "Arn",
                  ],
                },
                {
                  "Fn::Join": [
                    "",
                    [
                      {
                        "Fn::GetAtt": [
                          "SiteBucket397A1860",
                          "Arn",
                        ],
                      },
                      "/*",
                    ],
                  ],
                },
              ],
            },
            {
              "Action": "s3:GetObject",
              "Condition": {
                "StringEquals": {
                  "AWS:SourceArn": {
                    "Fn::Join": [
                      "",
                      [
                        "arn:",
                        {
                          "Ref": "AWS::Partition",
                        },
                        ":cloudfront::",
                        {
                          "Ref": "AWS::AccountId",
                        },
                        ":distribution/",
                        {
                          "Ref": "Distribution830FAC52",
                        },
                      ],
                    ],
                  },
                },
              },
              "Effect": "Allow",
              "Principal": {
                "Service": "cloudfront.amazonaws.com",
              },
              "Resource": {
                "Fn::Join": [
                  "",
                  [
                    {
                      "Fn::GetAtt": [
                        "SiteBucket397A1860",
                        "Arn",
                      ],
                    },
                    "/*",
                  ],
                ],
              },
            },
          ],
          "Version": "2012-10-17",
        },
      },
      "Type": "AWS::S3::BucketPolicy",
    },
    "SiteDeployRoleDefaultPolicy719BE930": {
      "Properties": {
        "PolicyDocument": {
          "Statement": [
            {
              "Action": "s3:ListBucket",
              "Effect": "Allow",
              "Resource": {
                "Fn::GetAtt": [
                  "SiteBucket397A1860",
                  "Arn",
                ],
              },
              "Sid": "ListSiteBucket",
            },
            {
              "Action": [
                "s3:GetObject",
                "s3:PutObject",
                "s3:DeleteObject",
              ],
              "Effect": "Allow",
              "Resource": {
                "Fn::Join": [
                  "",
                  [
                    {
                      "Fn::GetAtt": [
                        "SiteBucket397A1860",
                        "Arn",
                      ],
                    },
                    "/*",
                  ],
                ],
              },
              "Sid": "SyncSiteObjects",
            },
            {
              "Action": "cloudfront:CreateInvalidation",
              "Effect": "Allow",
              "Resource": {
                "Fn::Join": [
                  "",
                  [
                    "arn:",
                    {
                      "Ref": "AWS::Partition",
                    },
                    ":cloudfront::679345828813:distribution/",
                    {
                      "Ref": "Distribution830FAC52",
                    },
                  ],
                ],
              },
              "Sid": "InvalidateDistribution",
            },
          ],
          "Version": "2012-10-17",
        },
        "PolicyName": "SiteDeployRoleDefaultPolicy719BE930",
        "Roles": [
          {
            "Ref": "SiteDeployRoleE4618DD6",
          },
        ],
      },
      "Type": "AWS::IAM::Policy",
    },
    "SiteDeployRoleE4618DD6": {
      "Properties": {
        "AssumeRolePolicyDocument": {
          "Statement": [
            {
              "Action": "sts:AssumeRoleWithWebIdentity",
              "Condition": {
                "StringEquals": {
                  "token.actions.githubusercontent.com:aud": "sts.amazonaws.com",
                },
                "StringLike": {
                  "token.actions.githubusercontent.com:sub": "repo:dr-ivanwong/plainsight:ref:refs/heads/main",
                },
              },
              "Effect": "Allow",
              "Principal": {
                "Federated": {
                  "Fn::ImportValue": "GithubOidc:ExportsOutputFnGetAttGithubProviderArnC8EEC933",
                },
              },
            },
          ],
          "Version": "2012-10-17",
        },
        "Description": "GitHub Actions role for dr-ivanwong/plainsight's app pipeline: sync the built PWA and invalidate the cache.",
        "RoleName": "plainsight-site-deploy",
        "Tags": [
          {
            "Key": "env",
            "Value": "prod",
          },
          {
            "Key": "owner",
            "Value": "ivan",
          },
          {
            "Key": "project",
            "Value": "plainsight",
          },
        ],
      },
      "Type": "AWS::IAM::Role",
    },
    "SpaRewrite1C145184": {
      "Properties": {
        "AutoPublish": true,
        "FunctionCode": "function handler(event) {
  var request = event.request;
  if (!request.uri.startsWith('/v1/') && !request.uri.includes('.')) {
    request.uri = '/index.html';
  }
  return request;
}",
        "FunctionConfig": {
          "Comment": "Extensionless app routes serve the shell; assets and /v1/* pass through.",
          "Runtime": "cloudfront-js-2.0",
        },
        "Name": "ap-southeast-2StaticSiteSpaRewrite2F5A693C",
        "Tags": [
          {
            "Key": "env",
            "Value": "prod",
          },
          {
            "Key": "owner",
            "Value": "ivan",
          },
          {
            "Key": "project",
            "Value": "plainsight",
          },
        ],
      },
      "Type": "AWS::CloudFront::Function",
    },
  },
  "Rules": {
    "CheckBootstrapVersion": {
      "Assertions": [
        {
          "Assert": {
            "Fn::Not": [
              {
                "Fn::Contains": [
                  [
                    "1",
                    "2",
                    "3",
                    "4",
                    "5",
                  ],
                  {
                    "Ref": "BootstrapVersion",
                  },
                ],
              },
            ],
          },
          "AssertDescription": "CDK bootstrap stack version 6 required. Please run 'cdk bootstrap' with a recent version of the CDK CLI.",
        },
      ],
    },
  },
}
`;
